#-----------------------------------------------------------
# Vivado v2022.1 (64-bit)
# SW Build 3526262 on Mon Apr 18 15:48:16 MDT 2022
# IP Build 3524634 on Mon Apr 18 20:55:01 MDT 2022
# Start of session at: Sun Oct 16 18:06:10 2022
# Process ID: 17812
# Current directory: C:/Users/ACHYUTH/Documents/PESU slidesnotes/ECE 3-sem/Computer-Aided Digtial Design/Lab - CADD/lab_1
# Command line: vivado.exe -gui_launcher_event rodinguilauncherevent1852 C:\Users\ACHYUTH\Documents\PESU slidesnotes\ECE 3-sem\Computer-Aided Digtial Design\Lab - CADD\lab_1\lab_1.xpr
# Log file: C:/Users/ACHYUTH/Documents/PESU slidesnotes/ECE 3-sem/Computer-Aided Digtial Design/Lab - CADD/lab_1/vivado.log
# Journal file: C:/Users/ACHYUTH/Documents/PESU slidesnotes/ECE 3-sem/Computer-Aided Digtial Design/Lab - CADD/lab_1\vivado.jou
# Running On: LAPTOP-0LP994KE, OS: Windows, CPU Frequency: 2592 MHz, CPU Physical cores: 2, Host memory: 4124 MB
#-----------------------------------------------------------
start_gui
open_project {C:/Users/ACHYUTH/Documents/PESU slidesnotes/ECE 3-sem/Computer-Aided Digtial Design/Lab - CADD/lab_1/lab_1.xpr}
update_compile_order -fileset sources_1
launch_simulation
source ach11_tb.tcl
close_sim
